---
source: pdfgen/src/types/hierarchy/primitives/text.rs
expression: output
snapshot_kind: text
---
BT
/CustomFnt 14 Tf
0 0 Td
(This is a custom text content.) Tj
ET
