---
source: pdfgen/src/types/hierarchy/content/image.rs
expression: output
snapshot_kind: text
---
2 0 obj
<< /Type /XObject 
/Subtype /Image 
/Width 64
/Height 64
/ColorSpace /DeviceRGB 
/BitsPerComponent 8
/Length 12288 >>
stream
������������������������������������������������������������������������������������������������������������������������������������������������������������������������������������������������������������������������������������������������������������������������������������������������������������������������������������������������������������������������������������������������������������������������������������������������������������������������������������������������������������������������������������������������������������������������������������������������������������������������������������������������������������������������������������������������������������������������������������������������������������������������������������������������������������������������������������������������������������������������������������������������������������������������������������������������������������������������������������������������������������������������������������������������������������������������������������������������������������������������������������������������������������������������������������������������������������������������������������������������������������������������������������������������������������������������������������������������������������������������������������������������������������������������������������������������������������������������������������������������������������������������������������������������������������������������������������������������������������������������������������������������������������������������������������������������������������������������������������������������������������������������������������������������������������������������������������������������������������������ynoaXT[UMZYOXYTWZYSVV[[[ZXR]YPa]UWWP[`\PWV������������������������������������������������������������������������������������������������������������������������������������������������T;G;%C%4R6-G4('1./\^c("%|faM5,sibDE@)1,!#:9?���������������������������������������������������������������������������������������������������������������������������������������8*0F 0f2C�HUi39_=6iTIL@:Ļ�dX]hV\z_^¬����>?<x}{���XNR2&+���������������������������������������������������������������������������������������������������������������������������������l]hM1@|O\�dmn.1���7@71���E:7;�hj]LMslnNHK���0(,'���ϯ�=":&������������������������������������������������������������������������������������������������������������������������������* Y:Dp@Fz@Cm-.���C//�ÿ``YXNGpQO`EEvtxdnt{��HGPpel'Ơ�ŕ�yELa7<C/3���������������������������������������������������������������������������������������������������������������������������1)!D,#�PL�RR���G"���USM|xp���LA>>==Pdk���Rlt,9BEAF,ə��|��RYҘ�20)+������������������������������������������������������������������������������������������������������������������������&u]SU+%�]\J$(׻�H;9:50������]dc^im���!-l}�r��$+* ͟�ʄ��X_���̏�E%=,5���������������������������������������������������������������������������������������������������������������������A50gPOY@>YDD̼�PCE������>C?RccZuwy��.
xL\/%sw}ds� /���墢�>G�MZ�O[�'3N!;+������������������������������������������������������������������������������������������������������������������&P>Bxccĭ�5&XCJ������&13hz}{��/$/�VhY+pIT<+6ij}.���嶵�cj�[g�ku�eq�}�dGT.#,���������������������������������������������������������������������������������������������������������������|wv���T&+_%4=udm\_gar|y�7~KUX+:6
O.vHYK+;&dY`������������������¾�ACJY_e������������������������������������������������������������������������������������������������������������>HN�~�[13Ԓ��^mZ"5*!-u~�ru�1-�PZ_&0eFN���zP_P 0wJW@'&%'%"&''.������������������������������������������������������������������������������������������������������������$4&.j18�jm�U\I(}��w~�E$0}NYR-7C+1���������S=BU08mDMJ'4SARen�$%:V,8���uDN5$#*7'1������������������������������������������������������������������������������������������������������������-5H���J!*l6<S'/�oy�y�-!.xN\R(6:-7TV[���674������5%*G/8^;JG*?hd~���H"2n=II"/[HT{��'2������������������������������������������������������������������������������������������������������������*W\j��� &/lv����G+vIX?+;+���0:foo��߸��n��#.:=+:`BRN7Dk\j��'4:KX���)/8 &������������������������������������������������������������������������������������������������������������0!,8,9gn{���z��/#0p?Kc6C���u�����%//,-cTPF97g��x�����bP^dEMQ;Bjq|u�����-4A:/6.#������������������������������������������������������������������������������������������������������������C�R\A 3`CV<!g=II*45*5���<J���6:@߿�䳭���]NJfx{Iiq[t�_fs<'/`DK7)1}jxM%8xHX_6=4������������������������������������������������������������������������������������������������������������Dh49O#+;Y )c4;F9Abox���5N[>AKҺ�ﵸ�XZ֖�廽wtv6HO������JAL?)0H124S%i3;M$)/������������������������������������������������������������������������������������������������������������"N96ʨ�ĝ�Ȣ�iSPHNT���6MUX[cӬ����v(9�DX�5I�~���~s|<EScq�qw�!"���Ū�����xl" ������������������������������������������������������������������������������������������������������������992��Ʃ���s`��|�ǻS_\9KN#,,Ȳ�׎��'7j 9j">r:�+F�Q`��`R`/4@HOX���Ƶ��v^��s�ͻ��� "������������������������������������������������������������������������������������������������������������M:,׿�S@4\K<B/������75/���ک��gn�:GT,=ĭ�}Qkv0I�E[�|���NC@��u��ĀveTC4K3)������&������������������������������������������������������������������������������������������������������������>+��o6#ĳ�F0�~g���d_Z���ѝ��W[�<EX,;ͳńWnx1I�BS�nwٳ�PF@���º�F8&���tXMqUL�lg%������������������������������������������������������������������������������������������������������������GG@���w`Q]=)pN9�˻���1>E" "å�ʂ��+5u#0v#5&:�+9�OO�ÿthm(06"/.��٨�W6`@(Һ����������������������������������������������������������������������������������������������������������������SJF���ֳ�����mfILT}��(@<E�������(4�8E�.;�z���ѓ@Q\��"!���侪�˵���($��������������������������������������������������������������������������������������������������������󸺰#F67VA?P1/`23K%)>3>q{����l��elw���⥫�EF������ubnmk{������]Y^3^;:_;6U;5RB;B:2������������������������������������������������������������������������������������������������������������8++����mqM),R&wDNG%43+;���(:���&,5���͢��ľ`[Zpu�:EZSfwbgs8 &f>AX.2W.3U16¦����$������������������������������������������������������������������������������������������������������������B5={ckL&*U#'i,2S�ER_9K���������*6/(2m`hSOV(j��������yhssDKi/2^++U#k*3i3;���$������������������������������������������������������������������������������������������������������������)#I.7R).Ȗ��]^n.1Y�DTF.?)���,6s}���Γ��'t��'2<@3?kFRh+5i(-g64߭�d#*h.5=!-$������������������������������������������������������������������������������������������������������������4'U8C�kuP25̬�Jr%-[�WbA(IAGX_b���T\Y�����}K@?D-.~TYg,6m$0^$d?=�hb���J%%Z69.������������������������������������������������������������������������������������������������������������."='.Ĳ����>.'Z:3h',v+3R�X\K-0G:<���������]QKK.+~UTNj-5f!.b)2<#������fKH<.������������������������������������������������������������������������������������������������������������,%#���LBEcY\���@,,pAH\(/^9;>�ksN"*XGH���r^`B$'�[\J! wOPG!vCKG!�����vJ8-{g_SD@$������������������������������������������������������������������������������������������������������������20,HA?whf`OPdYZ˻�E&,G'+θ����A
�ZdL#(O-2K"+mBJP&(�zz׼�}dc0����}t\MAoZPYE?RGD������������������������������������������������������������������������������������������������������������)""r][lEC�lk�xzV?Bȶ�tflVIQ������C�QW^$x9DV)kCFε�7,){rp����pn}YS��z�gaV96XDF% ������������������������������������������������������������������������������������������������������������!nUS�llk23�]^���]RS���SOV���F (b,2N�FI[n68Z74q^Z�{y���}rsnWV�mii84�nl�rs?+/QIM������������������������������������������������������������������������������������������������������������MJKS><�ST�z}f(,�qvB6:WZ\���:(,r?Gh'.d,&Tp6+[) �e[2���xlqD28tZ\lGG���jBE�qu."������������������������������������������������������������������������������������������������������������������(hGIX(.�S[���_SWgjlMPP̿�U)1^(.�e_����sf_>0H6*���oehUHPWEL�io�qsP/0�ilmW\9-2���������������������������������������������������������������������������������������������������������������������$2 &|dm)zlrFBG+-2MKO���_HKyhg���{v]SMUVShml%$,JCMhZbC.5oUWO::C891.0���������������������������������������������������������������������������������������������������������������������������zx~81;"$" #$!%)!"" $##!  # &!%"%2"#OBB��������������������������������������������������������������������������������������������������������������������������������������������������������������������������������������������������������������������������������������������������������������������������������������������������������������������������������������������������������������������������������������������������������������������������������������������������������������������������������������������������������������������������������������������������������������������������������������������������������������������������������������������������������������������������������������������������������������������������������������������������������������������������������������������������������������������������������������������������������������������������������������������������������������鎝������롯���������������������������������钞������鮻Ƒ����������������������Ɠ������������������钜����������������������������������������������������������������������������_k|���Tcy�����������Uh���Ugz������APd�����_n������뢶�q��������bt����Rdw���9Lc���AUi���Xk����p��}����Ț�����]iz��Ā��������������������������������������������������������������������������Q_r|��]o����Law`w����Qf~���s��������DXl������EYmr����ә��I^vex����`s����>Si���,C^���H_y���k�����bv�����і� �ɉ��OZn���������������������������������������������������������������������������Xdu��������̄��������Qf|���n��������@Re������Ui{���������{��������`s�}��`u����6Jer����Ⱥ��m�����ez�����ɖ�����������Waq������������������������������������������������������������������������ry����������HVgZj|���VeyGUfZiw���ix�;GXq}����v�����������CQd]k|���ds����FVf���>Ma���Pcr���M\pM\p������EUeDTf���XcpS]g������������������������������������������������������������������������������������������������������������������������������������������������������������������������������������������������������������������������������������������������������������������������������������������������������������������������������������������������������������������������������������������������������������������������������������������������������������������������������������������������������������������������������������������������������������������������������������������������������������������������������������������������������������������������������������������������������������������������������������������������������������������������������������������������������������������������������������������������������������������������������������������������������������������������������������������������������������������������������������������������������������������������������������������������������������������������������������������������������������������������������������������������������������������������������������������������������������������������������������������������������������������������������������������������������������������������������������������������������������������������������������������������������������������������������������������������������������������������������������������������������������������������������������������������������������������������������������������������������������������������������������������������������������������������������������������������������������������������������������������������������������������������������������������������������������������������������������
endstream
endobj
